{
  "mode": "FULL",
  "path_status": {
    "SAFEPLC_CHROMA_DIR": {
      "path": "",
      "exists": false
    },
    "SAFEPLC_FIGURE_CHROMA_DIR": {
      "path": "",
      "exists": false
    },
    "SAFEPLC_CHUNKS_JSONL": {
      "path": "",
      "exists": false
    },
    "SAFEPLC_PAGES_JSONL": {
      "path": "",
      "exists": false
    },
    "SAFEPLC_FIGURE_CARDS_JSONL": {
      "path": "",
      "exists": false
    },
    "SAFEPLC_FIGURE_CHUNKS_JSONL": {
      "path": "",
      "exists": false
    },
    "SAFEPLC_VISUAL_DIR": {
      "path": "",
      "exists": false
    }
  },
  "text_chroma": {
    "available": false,
    "error": "SAFEPLC_CHROMA_DIR missing",
    "collections": []
  },
  "figure_chroma": {
    "available": false,
    "error": "SAFEPLC_FIGURE_CHROMA_DIR missing",
    "collections": []
  },
  "jsonl_counts": {
    "chunks": 0,
    "pages": 0,
    "figure_cards": 0,
    "figure_chunks": 0
  },
  "figure_card_count": 0,
  "image_resolvable_count": 0,
  "allow_jsonl_fallback": false,
  "require_figure_backend": false,
  "full_ready": false,
  "full_ready_reason": "FULL startup conditions are not satisfied."
}